Package your theme into a .zip file, ready to upload to the Online Store.

USAGE
  $ shopify theme package [--no-color] [--path <value>] [--verbose]

FLAGS
  --no-color        Disable color output.
  --path=<value>    The path where you want to run the command. Defaults to the
                    current working directory.
  --verbose         Increase the verbosity of the output.

DESCRIPTION
  Package your theme into a .zip file, ready to upload to the Online Store.

  Packages your local theme files into a ZIP file that can be uploaded to
  Shopify.

  Only folders that match the "default Shopify theme folder structure"
  (https://shopify.dev/docs/storefronts/themes/tools/cli#directory-structure)
  are included in the package.

  The package includes the `listings` directory if present (required for
  multi-preset themes per "Theme Store requirements"
  (https://shopify.dev/docs/storefronts/themes/store/requirements#adding-prese
  ts-to-your-theme-zip-submission)).

  The ZIP file uses the name `theme_name-theme_version.zip`, based on
  parameters in your "settings_schema.json"
  (https://shopify.dev/docs/storefronts/themes/architecture/config/settings-sc
  hema-json) file.

