Applies JSON overrides to a theme and returns a preview URL.

USAGE
  $ shopify theme preview -t <value> --overrides <value> [-e <value>...]
    [--json] [--no-color] [--open] [--password <value>] [--path <value>]
    [--preview-id <value>] [-s <value>] [--verbose]

FLAGS
  -e, --environment=<value>...  The environment to apply to the current command.
  -s, --store=<value>           Store URL. It can be the store prefix (example)
                                or the full myshopify.com URL
                                (example.myshopify.com,
                                https://example.myshopify.com).
  -t, --theme=<value>           (required) Theme ID or name of the remote theme.
      --json                    Output the preview URL and identifier as JSON.
      --no-color                Disable color output.
      --open                    Automatically launch the theme preview in your
                                default web browser.
      --overrides=<value>       (required) Path to a JSON overrides file.
      --password=<value>        Password generated from the Theme Access app or
                                an Admin API token.
      --path=<value>            The path where you want to run the command.
                                Defaults to the current working directory.
      --preview-id=<value>      An existing preview identifier to update instead
                                of creating a new preview.
      --verbose                 Increase the verbosity of the output.

DESCRIPTION
  Applies JSON overrides to a theme and returns a preview URL.

  Applies a JSON overrides file to a theme and creates or updates a preview.
  This lets you quickly preview changes.

  The command returns a preview URL and a preview identifier. You can reuse
  the preview identifier with `--preview-id` to update an existing preview
  instead of creating a new one.

