Opens the preview of your remote theme.

USAGE
  $ shopify theme open [-d] [-E] [-e <value>...] [-l] [--no-color]
    [--password <value>] [--path <value>] [-s <value>] [-t <value>] [--verbose]

FLAGS
  -E, --editor                  Open the theme editor for the specified theme in
                                the browser.
  -d, --development             Open your development theme.
  -e, --environment=<value>...  The environment to apply to the current command.
  -l, --live                    Open your live (published) theme.
  -s, --store=<value>           Store URL. It can be the store prefix (example)
                                or the full myshopify.com URL
                                (example.myshopify.com,
                                https://example.myshopify.com).
  -t, --theme=<value>           Theme ID or name of the remote theme.
      --no-color                Disable color output.
      --password=<value>        Password generated from the Theme Access app or
                                an Admin API token.
      --path=<value>            The path where you want to run the command.
                                Defaults to the current working directory.
      --verbose                 Increase the verbosity of the output.

DESCRIPTION
  Opens the preview of your remote theme.

  Returns links that let you preview the specified theme. The following links
  are returned:

  - A link to the "editor" (https://shopify.dev/docs/themes/tools/online-editor)
  for the theme in the Shopify admin.
  - A "preview link" (https://help.shopify.com/manual/online-store/themes/adding
  -themes#share-a-theme-preview-with-others) that you can share with other
  developers.

  If you don't specify a theme, then you're prompted to select the theme to open
  from the list of the themes in your store.

