[
  {
    "id": 159103910101,
    "name": "Origin",
    "processing": false,
    "createdAtRuntime": false,
    "role": "live"
  },
  {
    "id": 159066751189,
    "name": "Horizon",
    "processing": false,
    "createdAtRuntime": false,
    "role": "unpublished"
  },
  {
    "id": 159067046101,
    "name": "Horizon",
    "processing": false,
    "createdAtRuntime": false,
    "role": "unpublished"
  },
  {
    "id": 159091949781,
    "name": "Horizon",
    "processing": false,
    "createdAtRuntime": false,
    "role": "unpublished"
  },
  {
    "id": 159103811797,
    "name": "Atelier",
    "processing": false,
    "createdAtRuntime": false,
    "role": "unpublished"
  }
]
