Notion CLI (Beta)

Usage: ntn [OPTIONS] <COMMAND>

Commands:
  api          Call the public Notion API (beta)
  datasources  Manage data sources
  files        Manage file uploads (beta)
  pages        Manage pages
  login        Log in to Notion
  logout       Log out of Notion
  completions  Generate shell completions
  doctor       Check the health of your Notion CLI setup
  update       Update ntn to the latest version
  workers      Manage workers (Beta)
  help         Print this message or the help of the given subcommand(s)

Options:
  -v, --verbose
          Show full error details including source chains

      --workers-config-file <WORKERS_CONFIG_FILE>
          Path to workers.json config file (overrides default CWD lookup)
          
          [env: NOTION_WORKERS_CONFIG_FILE=]

  -h, --help
          Print help (see a summary with '-h')

  -V, --version
          Print version

Environment Variables:
  NOTION_API_BASE_URL         Base URL for separate API-host requests (default varies by --env)
  NOTION_API_TOKEN            API token for authentication (overrides keychain)
  NOTION_BASE_URL             Base URL for login and workers requests (default varies by --env)
  NOTION_ENV                  Environment to target: local, dev, stg, prod (same as --env)
  NOTION_KEYRING              Set to 0 to use file-based auth (~/.config/notion/auth.json) instead of OS keychain
  NOTION_WORKERS_CONFIG_FILE  Path to workers.json config file (same as --workers-config-file)
  NOTION_WORKSPACE_ID         Workspace ID to operate on (overrides config default)
