Duplicates a theme from your theme library.

USAGE
  $ shopify theme duplicate
  $ shopify theme duplicate --theme 10 --name 'New Theme'

FLAGS
  -e, --environment=<value>...  The environment to apply to the current command.
  -f, --force                   Force the duplicate operation to run without
                                prompts or confirmations.
  -j, --json                    Output the result as JSON. Automatically
                                disables color output.
  -n, --name=<value>            Name of the newly duplicated theme.
  -s, --store=<value>           Store URL. It can be the store prefix (example)
                                or the full myshopify.com URL
                                (example.myshopify.com,
                                https://example.myshopify.com).
  -t, --theme=<value>           Theme ID or name of the remote theme.
      --no-color                Disable color output.
      --password=<value>        Password generated from the Theme Access app or
                                an Admin API token.
      --verbose                 Increase the verbosity of the output.

DESCRIPTION
  Duplicates a theme from your theme library.

  If you want to duplicate your local theme, you need to run `shopify theme
  push` first.

  If no theme ID is specified, you're prompted to select the theme that you want
  to duplicate from the list of themes in your store. You're asked to confirm
  that you want to duplicate the specified theme.

  Prompts and confirmations are not shown when duplicate is run in a CI
  environment or the `--force` flag is used, therefore you must specify a theme
  ID using the `--theme` flag.

  You can optionally name the duplicated theme using the `--name` flag.

  If you use the `--json` flag, then theme information is returned in JSON
  format, which can be used as a machine-readable input for scripts or
  continuous integration.

  Sample JSON output:

  ```json
  {
  "theme": {
  "id": 108267175958,
  "name": "A Duplicated Theme",
  "role": "unpublished",
  "shop": "mystore.myshopify.com"
  }
  }
  ```

  ```json
  {
  "message": "The theme 'Summer Edition' could not be duplicated due to errors",
  "errors": ["Maximum number of themes reached"],
  "requestId": "12345-abcde-67890"
  }
  ```

