Set a remote theme as the live theme.

USAGE
  $ shopify theme publish [-e <value>...] [-f] [--no-color] [--password
    <value>] [--path <value>] [-s <value>] [-t <value>] [--verbose]

FLAGS
  -e, --environment=<value>...  The environment to apply to the current command.
  -f, --force                   Skip confirmation.
  -s, --store=<value>           Store URL. It can be the store prefix (example)
                                or the full myshopify.com URL
                                (example.myshopify.com,
                                https://example.myshopify.com).
  -t, --theme=<value>           Theme ID or name of the remote theme.
      --no-color                Disable color output.
      --password=<value>        Password generated from the Theme Access app or
                                an Admin API token.
      --path=<value>            The path where you want to run the command.
                                Defaults to the current working directory.
      --verbose                 Increase the verbosity of the output.

DESCRIPTION
  Set a remote theme as the live theme.

  Publishes an unpublished theme from your theme library.

  If no theme ID is specified, then you're prompted to select the theme that you
  want to publish from the list of themes in your store.

  You can run this command only in a directory that matches the "default Shopify
  theme folder structure"
  (https://shopify.dev/docs/themes/tools/cli#directory-structure).

  If you want to publish your local theme, then you need to run `shopify theme
  push` first. You're asked to confirm that you want to publish the specified
  theme. You can skip this confirmation using the `--force` flag.

