Renames an existing theme.

USAGE
  $ shopify theme rename [-d] [-e <value>...] [-l] [-n <value>]
    [--no-color] [--password <value>] [--path <value>] [-s <value>] [-t <value>]
    [--verbose]

FLAGS
  -d, --development             Rename your development theme.
  -e, --environment=<value>...  The environment to apply to the current command.
  -l, --live                    Rename your remote live theme.
  -n, --name=<value>            The new name for the theme.
  -s, --store=<value>           Store URL. It can be the store prefix (example)
                                or the full myshopify.com URL
                                (example.myshopify.com,
                                https://example.myshopify.com).
  -t, --theme=<value>           Theme ID or name of the remote theme.
      --no-color                Disable color output.
      --password=<value>        Password generated from the Theme Access app or
                                an Admin API token.
      --path=<value>            The path where you want to run the command.
                                Defaults to the current working directory.
      --verbose                 Increase the verbosity of the output.

DESCRIPTION
  Renames an existing theme.

  Renames a theme in your store.

  If no theme is specified, then you're prompted to select the theme that you
  want to rename from the list of themes in your store.


